
> parkease-kenya@0.0.0 test
> vitest run


[1m[46m RUN [49m[22m [36mv4.1.2 [39m[90mG:/Dev/Documents/USIU/Year 3/Sem 2/APP4080/parkease-kenya[39m

node.exe : [31mÔÄ»ÔÄ»ÔÄ»ÔÄ»ÔÄ»ÔÄ»[39m[1m[41m 
Unhandled Errors 
[49m[22m[31mÔÄ»ÔÄ»ÔÄ»ÔÄ»ÔÄ»ÔÄ»[39m
At line:1 char:1
+ & "G:\Dev\Downloads\Softwares\Visual studio\node 
js/node.exe" "G:\Dev ...
+ ~~~~~~~~~~~~~~~~~~~~~~~~~~~~~~~~~~~~~~~~~~~~~~~~~
~~~~~~~~~~~~~~~~~~~~
    + CategoryInfo          : NotSpecified: ([31m 
   ÔÄ»ÔÄ»ÔÄ»Ô...»ÔÄ»ÔÄ»ÔÄ»[39m:String) [], Remot  
  eException
    + FullyQualifiedErrorId : NativeCommandError
 
[31m[1m
Vitest caught 3 unhandled errors during the test 
run.
This might cause false positive tests. Resolve 
unhandled errors to make sure your tests are not 
affected.[22m[39m

[31mÔÄ»ÔÄ»ÔÄ»ÔÄ»ÔÄ»ÔÄ»[39m[1m[41m Unhandled 
Error [49m[22m[31mÔÄ»ÔÄ»ÔÄ»ÔÄ»ÔÄ»ÔÄ»ÔÄ»[39m
[31m[1mError[22m: [vitest-pool]: Failed to 
start forks worker for test files 
G:/Dev/Documents/USIU/Year 3/Sem 2/APP4080/parkease
-kenya/src/__tests__/useParkingLots.test.js.[39m
[90m [2mÔØ»[22m ../../../../Year%203/Sem%202/APP
4080/parkease-kenya/node_modules/vitest/dist/chunks
/cli-api.Bxr1Nn49.js:[2m3450:94[22m[39m
[90m [2mÔØ»[22m processTicksAndRejections node:i
nternal/process/task_queues:[2m103:5[22m[39m
[90m [2mÔØ»[22m Pool.schedule ../../../../Year%2
03/Sem%202/APP4080/parkease-kenya/node_modules/vite
st/dist/chunks/cli-api.Bxr1Nn49.js:[2m3450:5[22m
[39m

[31m[1mCaused by: Error[22m: require() cannot 
be used on an ESM graph with top-level await. Use 
import() instead. To see where the top-level await 
comes from, use --experimental-print-required-tla.
  From G:\Dev\Documents\USIU\Year 3\Sem 2\APP4080\p
arkease-kenya\node_modules\jsdom\lib\jsdom\living\c
ss\helpers\css-values.js 
  Requiring G:\Dev\Documents\USIU\Year 3\Sem 2\APP4
080\parkease-kenya\node_modules\@asamuzakjp\css-col
or\dist\esm\index.js [39m
[90m [2mÔØ»[22m ModuleJobSync.runSync node:inter
nal/modules/esm/module_job:[2m513:13[22m[39m
[90m [2mÔØ»[22m 
ModuleLoader.importSyncForRequire node:internal/mod
ules/esm/loader:[2m388:47[22m[39m
[90m [2mÔØ»[22m loadESMFromCJS node:internal/mod
ules/cjs/loader:[2m1578:24[22m[39m
[90m [2mÔØ»[22m Module._compile node:internal/mo
dules/cjs/loader:[2m1743:5[22m[39m
[90m [2mÔØ»[22m Object..js node:internal/modules
/cjs/loader:[2m1893:10[22m[39m
[90m [2mÔØ»[22m Module.load node:internal/module
s/cjs/loader:[2m1481:32[22m[39m
[90m [2mÔØ»[22m Module._load node:internal/modul
es/cjs/loader:[2m1300:12[22m[39m
[90m [2mÔØ»[22m TracingChannel.traceSync 
node:diagnostics_channel:[2m328:14[22m[39m
[90m [2mÔØ»[22m wrapModuleLoad node:internal/mod
ules/cjs/loader:[2m245:24[22m[39m
[90m [2mÔØ»[22m Module.require node:internal/mod
ules/cjs/loader:[2m1504:12[22m[39m

[31m[2mÔÄ»ÔÄ»ÔÄ»ÔÄ»ÔÄ»ÔÄ»ÔÄ»ÔÄ»ÔÄ»ÔÄ»ÔÄ»ÔÄ»ÔÄ»ÔÄ»
ÔÄ»ÔÄ»ÔÄ»ÔÄ»ÔÄ»ÔÄ»ÔÄ»ÔÄ»ÔÄ»ÔÄ»ÔÄ»ÔÄ»ÔÄ»ÔÄ»ÔÄ»ÔÄ»[2
2m[39m
[31m[1mSerialized Error:[22m[39m [90m{ code: 
'ERR_REQUIRE_ASYNC_MODULE' }[39m

[31mÔÄ»ÔÄ»ÔÄ»ÔÄ»ÔÄ»ÔÄ»[39m[1m[41m Unhandled 
Error [49m[22m[31mÔÄ»ÔÄ»ÔÄ»ÔÄ»ÔÄ»ÔÄ»ÔÄ»[39m
[31m[1mError[22m: [vitest-pool]: Failed to 
start forks worker for test files 
G:/Dev/Documents/USIU/Year 3/Sem 2/APP4080/parkease
-kenya/src/__tests__/bookingService.test.js.[39m
[90m [2mÔØ»[22m ../../../../Year%203/Sem%202/APP
4080/parkease-kenya/node_modules/vitest/dist/chunks
/cli-api.Bxr1Nn49.js:[2m3450:94[22m[39m
[90m [2mÔØ»[22m processTicksAndRejections node:i
nternal/process/task_queues:[2m103:5[22m[39m
[90m [2mÔØ»[22m Pool.schedule ../../../../Year%2
03/Sem%202/APP4080/parkease-kenya/node_modules/vite
st/dist/chunks/cli-api.Bxr1Nn49.js:[2m3450:5[22m
[39m

[31m[1mCaused by: Error[22m: require() cannot 
be used on an ESM graph with top-level await. Use 
import() instead. To see where the top-level await 
comes from, use --experimental-print-required-tla.
  From G:\Dev\Documents\USIU\Year 3\Sem 2\APP4080\p
arkease-kenya\node_modules\jsdom\lib\jsdom\living\c
ss\helpers\css-values.js 
  Requiring G:\Dev\Documents\USIU\Year 3\Sem 2\APP4
080\parkease-kenya\node_modules\@asamuzakjp\css-col
or\dist\esm\index.js [39m
[90m [2mÔØ»[22m ModuleJobSync.runSync node:inter
nal/modules/esm/module_job:[2m513:13[22m[39m
[90m [2mÔØ»[22m 
ModuleLoader.importSyncForRequire node:internal/mod
ules/esm/loader:[2m388:47[22m[39m
[90m [2mÔØ»[22m loadESMFromCJS node:internal/mod
ules/cjs/loader:[2m1578:24[22m[39m
[90m [2mÔØ»[22m Module._compile node:internal/mo
dules/cjs/loader:[2m1743:5[22m[39m
[90m [2mÔØ»[22m Object..js node:internal/modules
/cjs/loader:[2m1893:10[22m[39m
[90m [2mÔØ»[22m Module.load node:internal/module
s/cjs/loader:[2m1481:32[22m[39m
[90m [2mÔØ»[22m Module._load node:internal/modul
es/cjs/loader:[2m1300:12[22m[39m
[90m [2mÔØ»[22m TracingChannel.traceSync 
node:diagnostics_channel:[2m328:14[22m[39m
[90m [2mÔØ»[22m wrapModuleLoad node:internal/mod
ules/cjs/loader:[2m245:24[22m[39m
[90m [2mÔØ»[22m Module.require node:internal/mod
ules/cjs/loader:[2m1504:12[22m[39m

[31m[2mÔÄ»ÔÄ»ÔÄ»ÔÄ»ÔÄ»ÔÄ»ÔÄ»ÔÄ»ÔÄ»ÔÄ»ÔÄ»ÔÄ»ÔÄ»ÔÄ»
ÔÄ»ÔÄ»ÔÄ»ÔÄ»ÔÄ»ÔÄ»ÔÄ»ÔÄ»ÔÄ»ÔÄ»ÔÄ»ÔÄ»ÔÄ»ÔÄ»ÔÄ»ÔÄ»[2
2m[39m
[31m[1mSerialized Error:[22m[39m [90m{ code: 
'ERR_REQUIRE_ASYNC_MODULE' }[39m

[31mÔÄ»ÔÄ»ÔÄ»ÔÄ»ÔÄ»ÔÄ»[39m[1m[41m Unhandled 
Error [49m[22m[31mÔÄ»ÔÄ»ÔÄ»ÔÄ»ÔÄ»ÔÄ»ÔÄ»[39m
[31m[1mError[22m: [vitest-pool]: Failed to 
start forks worker for test files 
G:/Dev/Documents/USIU/Year 3/Sem 2/APP4080/parkease
-kenya/src/__tests__/LotCard.test.jsx.[39m
[90m [2mÔØ»[22m ../../../../Year%203/Sem%202/APP
4080/parkease-kenya/node_modules/vitest/dist/chunks
/cli-api.Bxr1Nn49.js:[2m3450:94[22m[39m
[90m [2mÔØ»[22m processTicksAndRejections node:i
nternal/process/task_queues:[2m103:5[22m[39m
[90m [2mÔØ»[22m Pool.schedule ../../../../Year%2
03/Sem%202/APP4080/parkease-kenya/node_modules/vite
st/dist/chunks/cli-api.Bxr1Nn49.js:[2m3450:5[22m
[39m

[31m[1mCaused by: Error[22m: require() cannot 
be used on an ESM graph with top-level await. Use 
import() instead. To see where the top-level await 
comes from, use --experimental-print-required-tla.
  From G:\Dev\Documents\USIU\Year 3\Sem 2\APP4080\p
arkease-kenya\node_modules\jsdom\lib\jsdom\living\c
ss\helpers\css-values.js 
  Requiring G:\Dev\Documents\USIU\Year 3\Sem 2\APP4
080\parkease-kenya\node_modules\@asamuzakjp\css-col
or\dist\esm\index.js [39m
[90m [2mÔØ»[22m ModuleJobSync.runSync node:inter
nal/modules/esm/module_job:[2m513:13[22m[39m
[90m [2mÔØ»[22m 
ModuleLoader.importSyncForRequire node:internal/mod
ules/esm/loader:[2m388:47[22m[39m
[90m [2mÔØ»[22m loadESMFromCJS node:internal/mod
ules/cjs/loader:[2m1578:24[22m[39m
[90m [2mÔØ»[22m Module._compile node:internal/mo
dules/cjs/loader:[2m1743:5[22m[39m
[90m [2mÔØ»[22m Object..js node:internal/modules
/cjs/loader:[2m1893:10[22m[39m
[90m [2mÔØ»[22m Module.load node:internal/module
s/cjs/loader:[2m1481:32[22m[39m
[90m [2mÔØ»[22m Module._load node:internal/modul
es/cjs/loader:[2m1300:12[22m[39m
[90m [2mÔØ»[22m TracingChannel.traceSync 
node:diagnostics_channel:[2m328:14[22m[39m
[90m [2mÔØ»[22m wrapModuleLoad node:internal/mod
ules/cjs/loader:[2m245:24[22m[39m
[90m [2mÔØ»[22m Module.require node:internal/mod
ules/cjs/loader:[2m1504:12[22m[39m

[31m[2mÔÄ»ÔÄ»ÔÄ»ÔÄ»ÔÄ»ÔÄ»ÔÄ»ÔÄ»ÔÄ»ÔÄ»ÔÄ»ÔÄ»ÔÄ»ÔÄ»
ÔÄ»ÔÄ»ÔÄ»ÔÄ»ÔÄ»ÔÄ»ÔÄ»ÔÄ»ÔÄ»ÔÄ»ÔÄ»ÔÄ»ÔÄ»ÔÄ»ÔÄ»ÔÄ»[2
2m[39m
[31m[1mSerialized Error:[22m[39m [90m{ code: 
'ERR_REQUIRE_ASYNC_MODULE' }[39m
[31mÔÄ»ÔÄ»ÔÄ»ÔÄ»ÔÄ»ÔÄ»ÔÄ»ÔÄ»ÔÄ»ÔÄ»ÔÄ»ÔÄ»ÔÄ»ÔÄ»ÔÄ»Ô
Ä»ÔÄ»ÔÄ»ÔÄ»ÔÄ»ÔÄ»ÔÄ»ÔÄ»ÔÄ»ÔÄ»ÔÄ»ÔÄ»ÔÄ»ÔÄ»ÔÄ»[39m


[2m Test Files [22m [2mno tests[22m
[2m      Tests [22m [2mno tests[22m
[2m     Errors [22m [1m[31m3 errors[39m[22m
[2m   Start at [22m 12:48:49
[2m   Duration [22m 1.10s[2m (transform 0ms, setup 0ms, import 0ms, tests 0ms, environment 0ms)[22m

